Component: ARM Compiler 5.06 update 6 (build 750) Tool: armlink [4d35ed]

==============================================================================

Section Cross References

    p1_main.o(i.main) refers to system_lpc17xx.o(i.SystemInit) for SystemInit
    p1_main.o(i.main) refers to _kernelcore.o(i.kernelInit) for kernelInit
    p1_main.o(i.main) refers to _threadscore.o(i.createThread) for createThread
    p1_main.o(i.main) refers to _kernelcore.o(i.osCreateMutex) for osCreateMutex
    p1_main.o(i.main) refers to _kernelcore.o(i.kernelStart) for kernelStart
    p1_main.o(i.main) refers to system_lpc17xx.o(.data) for SystemCoreClock
    p1_main.o(i.main) refers to p1_main.o(i.idleThread) for idleThread
    p1_main.o(i.main) refers to p1_main.o(i.thread1) for thread1
    p1_main.o(i.main) refers to p1_main.o(i.thread2) for thread2
    p1_main.o(i.main) refers to p1_main.o(i.thread3) for thread3
    p1_main.o(i.main) refers to p1_main.o(.data) for printMutex
    p1_main.o(i.thread1) refers to _kernelcore.o(i.osTakeMutex) for osTakeMutex
    p1_main.o(i.thread1) refers to noretval__2printf.o(.text) for __2printf
    p1_main.o(i.thread1) refers to _kernelcore.o(i.osGiveMutex) for osGiveMutex
    p1_main.o(i.thread1) refers to _kernelcore.o(i.osYield) for osYield
    p1_main.o(i.thread1) refers to p1_main.o(.data) for printMutex
    p1_main.o(i.thread2) refers to _kernelcore.o(i.osTakeMutex) for osTakeMutex
    p1_main.o(i.thread2) refers to noretval__2printf.o(.text) for __2printf
    p1_main.o(i.thread2) refers to _kernelcore.o(i.osGiveMutex) for osGiveMutex
    p1_main.o(i.thread2) refers to _kernelcore.o(i.osYield) for osYield
    p1_main.o(i.thread2) refers to p1_main.o(.data) for printMutex
    p1_main.o(i.thread3) refers to _kernelcore.o(i.osTakeMutex) for osTakeMutex
    p1_main.o(i.thread3) refers to noretval__2printf.o(.text) for __2printf
    p1_main.o(i.thread3) refers to _kernelcore.o(i.osGiveMutex) for osGiveMutex
    p1_main.o(i.thread3) refers to _kernelcore.o(i.osYield) for osYield
    p1_main.o(i.thread3) refers to p1_main.o(.data) for printMutex
    p1_main.o(i.thread4) refers to noretval__2printf.o(.text) for __2printf
    p1_main.o(i.thread4) refers to _kernelcore.o(i.osYield) for osYield
    p1_main.o(i.thread5) refers to _kernelcore.o(i.threadSleep) for threadSleep
    p1_main.o(i.thread5) refers to noretval__2printf.o(.text) for __2printf
    p1_main.o(i.thread6) refers to noretval__2printf.o(.text) for __2printf
    p1_main.o(i.thread7) refers to _kernelcore.o(i.threadSleep) for threadSleep
    p1_main.o(i.thread7) refers to noretval__2printf.o(.text) for __2printf
    p1_main.o(i.thread8) refers to _kernelcore.o(i.threadSleep) for threadSleep
    p1_main.o(i.thread8) refers to noretval__2printf.o(.text) for __2printf
    retarget.o(i._ttywrch) refers to retarget.o(i.sendchar) for sendchar
    retarget.o(i.fgetc) refers to retarget.o(i.getkey) for getkey
    retarget.o(i.fgetc) refers to retarget.o(i.sendchar) for sendchar
    retarget.o(i.fputc) refers to retarget.o(i.sendchar) for sendchar
    retarget.o(i.getkey) refers to uart.o(i.UARTInit) for UARTInit
    retarget.o(i.getkey) refers to uart.o(i.UARTReceiveChar) for UARTReceiveChar
    retarget.o(i.getkey) refers to retarget.o(.data) for uart_init_called
    retarget.o(i.sendchar) refers to uart.o(i.UARTInit) for UARTInit
    retarget.o(i.sendchar) refers to uart.o(i.UARTSendChar) for UARTSendChar
    retarget.o(i.sendchar) refers to retarget.o(.data) for uart_init_called
    uart.o(i.FreeRcv) refers to uart.o(i.Free) for Free
    uart.o(i.FreeRcv) refers to uart.o(.data) for RcvLock0
    uart.o(i.FreeSnd) refers to uart.o(i.Free) for Free
    uart.o(i.FreeSnd) refers to uart.o(.data) for SndLock0
    uart.o(i.LockRcv) refers to uart.o(i.Lock) for Lock
    uart.o(i.LockRcv) refers to uart.o(.data) for RcvLock0
    uart.o(i.LockSnd) refers to uart.o(i.Lock) for Lock
    uart.o(i.LockSnd) refers to uart.o(.data) for SndLock0
    uart.o(i.UART0_IRQHandler) refers to uart.o(.bss) for UART0Buffer
    uart.o(i.UART0_IRQHandler) refers to uart.o(.data) for UART0Count
    uart.o(i.UART1_IRQHandler) refers to uart.o(.bss) for UART1Buffer
    uart.o(i.UART1_IRQHandler) refers to uart.o(.data) for UART1Count
    uart.o(i.UARTInit) refers to uart.o(i.getFrequency) for getFrequency
    uart.o(i.UARTInit) refers to uart.o(i.__NVIC_EnableIRQ) for __NVIC_EnableIRQ
    uart.o(i.UARTInit) refers to uart.o(i.FreeRcv) for FreeRcv
    uart.o(i.UARTInit) refers to uart.o(i.FreeSnd) for FreeSnd
    uart.o(i.UARTRecieve) refers to uart.o(i.LockRcv) for LockRcv
    uart.o(i.UARTRecieve) refers to uart.o(i.FreeRcv) for FreeRcv
    uart.o(i.UARTRecieve) refers to uart.o(.data) for UART0Count
    uart.o(i.UARTRecieve) refers to uart.o(.bss) for UART0Buffer
    uart.o(i.UARTSend) refers to uart.o(i.LockSnd) for LockSnd
    uart.o(i.UARTSend) refers to uart.o(i.FreeSnd) for FreeSnd
    uart.o(i.UARTSend) refers to uart.o(.data) for UART0TxEmpty
    uart.o(i.getFrequency) refers to system_lpc17xx.o(.data) for SystemCoreClock
    svc_call.o(handle_pend) refers to _kernelcore.o(i.taskSwitch) for taskSwitch
    svc_call.o(handle_pend) refers to _kernelcore.o(i.SVC_Handler_Main) for SVC_Handler_Main
    _kernelcore.o(i.SVC_Handler_Main) refers to _kernelcore.o(i.osSched) for osSched
    _kernelcore.o(i.SysTick_Handler) refers to _kernelcore.o(i.edfSched) for edfSched
    _kernelcore.o(i.SysTick_Handler) refers to _kernelcore.o(i.osSched) for osSched
    _kernelcore.o(i.SysTick_Handler) refers to _kernelcore.o(.bss) for threadPool
    _kernelcore.o(i.SysTick_Handler) refers to _kernelcore.o(.data) for threadPoolCurrentSize
    _kernelcore.o(i.dequeue) refers to _kernelcore.o(.bss) for mutexPool
    _kernelcore.o(i.edfSched) refers to _kernelcore.o(.bss) for threadPool
    _kernelcore.o(i.edfSched) refers to _kernelcore.o(.data) for threadPoolCurrentSize
    _kernelcore.o(i.enqueue) refers to rt_memcpy_w.o(.text) for __aeabi_memcpy4
    _kernelcore.o(i.enqueue) refers to _kernelcore.o(.bss) for mutexPool
    _kernelcore.o(i.kernelStart) refers to _threadscore.o(i.setThreadingWithPSP) for setThreadingWithPSP
    _kernelcore.o(i.kernelStart) refers to _kernelcore.o(i.osSched) for osSched
    _kernelcore.o(i.kernelStart) refers to _kernelcore.o(.data) for threadPoolCurrentSize
    _kernelcore.o(i.kernelStart) refers to _kernelcore.o(.bss) for threadPool
    _kernelcore.o(i.osCreateMutex) refers to rt_memcpy_w.o(.text) for __aeabi_memcpy4
    _kernelcore.o(i.osCreateMutex) refers to _kernelcore.o(.data) for osMutexPoolCurrentSize
    _kernelcore.o(i.osCreateMutex) refers to _kernelcore.o(.constdata) for .constdata
    _kernelcore.o(i.osCreateMutex) refers to _kernelcore.o(.bss) for mutexPool
    _kernelcore.o(i.osGiveMutex) refers to _kernelcore.o(i.dequeue) for dequeue
    _kernelcore.o(i.osGiveMutex) refers to _kernelcore.o(.bss) for mutexPool
    _kernelcore.o(i.osGiveMutex) refers to _kernelcore.o(.data) for osMutexPoolCurrentSize
    _kernelcore.o(i.osSched) refers to _kernelcore.o(i.edfSched) for edfSched
    _kernelcore.o(i.osSched) refers to _kernelcore.o(.data) for osCurrentThread
    _kernelcore.o(i.osSched) refers to _kernelcore.o(.bss) for threadPool
    _kernelcore.o(i.osTakeMutex) refers to _kernelcore.o(i.enqueue) for enqueue
    _kernelcore.o(i.osTakeMutex) refers to _kernelcore.o(i.osYield) for osYield
    _kernelcore.o(i.osTakeMutex) refers to _kernelcore.o(.bss) for mutexPool
    _kernelcore.o(i.osTakeMutex) refers to _kernelcore.o(.data) for osMutexPoolCurrentSize
    _kernelcore.o(i.taskSwitch) refers to _kernelcore.o(.data) for osCurrentThread
    _kernelcore.o(i.taskSwitch) refers to _kernelcore.o(.bss) for threadPool
    _kernelcore.o(i.threadSleep) refers to _kernelcore.o(i.osYield) for osYield
    _kernelcore.o(i.threadSleep) refers to _kernelcore.o(.data) for osCurrentThread
    _kernelcore.o(i.threadSleep) refers to _kernelcore.o(.bss) for threadPool
    _threadscore.o(i.createThread) refers to rt_memclr_w.o(.text) for __aeabi_memclr4
    _threadscore.o(i.createThread) refers to _threadscore.o(i.getNewThreadStack) for getNewThreadStack
    _threadscore.o(i.createThread) refers to rt_memcpy_w.o(.text) for __aeabi_memcpy4
    _threadscore.o(i.createThread) refers to _kernelcore.o(.data) for threadPoolCurrentSize
    _threadscore.o(i.createThread) refers to _kernelcore.o(.bss) for threadPool
    _threadscore.o(i.getNewThreadStack) refers to _threadscore.o(i.getMSPInitialLocation) for getMSPInitialLocation
    startup_lpc17xx.o(STACK) refers (Special) to heapauxi.o(.text) for __use_two_region_memory
    startup_lpc17xx.o(HEAP) refers (Special) to heapauxi.o(.text) for __use_two_region_memory
    startup_lpc17xx.o(RESET) refers (Special) to heapauxi.o(.text) for __use_two_region_memory
    startup_lpc17xx.o(RESET) refers to startup_lpc17xx.o(STACK) for __initial_sp
    startup_lpc17xx.o(RESET) refers to startup_lpc17xx.o(.text) for Reset_Handler
    startup_lpc17xx.o(RESET) refers to svc_call.o(handle_pend) for SVC_Handler
    startup_lpc17xx.o(RESET) refers to _kernelcore.o(i.SysTick_Handler) for SysTick_Handler
    startup_lpc17xx.o(RESET) refers to uart.o(i.UART0_IRQHandler) for UART0_IRQHandler
    startup_lpc17xx.o(RESET) refers to uart.o(i.UART1_IRQHandler) for UART1_IRQHandler
    startup_lpc17xx.o(.ARM.__at_0x02FC) refers (Special) to heapauxi.o(.text) for __use_two_region_memory
    startup_lpc17xx.o(.text) refers (Special) to heapauxi.o(.text) for __use_two_region_memory
    startup_lpc17xx.o(.text) refers to system_lpc17xx.o(i.SystemInit) for SystemInit
    startup_lpc17xx.o(.text) refers to __main.o(!!!main) for __main
    startup_lpc17xx.o(.text) refers to startup_lpc17xx.o(HEAP) for Heap_Mem
    startup_lpc17xx.o(.text) refers to startup_lpc17xx.o(STACK) for Stack_Mem
    system_lpc17xx.o(i.SystemCoreClockUpdate) refers to lludivv7m.o(.text) for __aeabi_uldivmod
    system_lpc17xx.o(i.SystemCoreClockUpdate) refers to system_lpc17xx.o(.data) for SystemCoreClock
    __2printf.o(.text) refers to _printf_char_file.o(.text) for _printf_char_file
    __2printf.o(.text) refers to retarget.o(.data) for __stdout
    noretval__2printf.o(.text) refers to _printf_char_file.o(.text) for _printf_char_file
    noretval__2printf.o(.text) refers to retarget.o(.data) for __stdout
    __main.o(!!!main) refers to __rtentry.o(.ARM.Collect$$rtentry$$00000000) for __rt_entry
    __rtentry.o(.ARM.Collect$$rtentry$$00000000) refers (Special) to __rtentry2.o(.ARM.Collect$$rtentry$$0000000A) for __rt_entry_li
    __rtentry.o(.ARM.Collect$$rtentry$$00000000) refers (Special) to __rtentry2.o(.ARM.Collect$$rtentry$$0000000D) for __rt_entry_main
    __rtentry.o(.ARM.Collect$$rtentry$$00000000) refers (Special) to __rtentry2.o(.ARM.Collect$$rtentry$$0000000C) for __rt_entry_postli_1
    __rtentry.o(.ARM.Collect$$rtentry$$00000000) refers (Special) to __rtentry2.o(.ARM.Collect$$rtentry$$00000009) for __rt_entry_postsh_1
    __rtentry.o(.ARM.Collect$$rtentry$$00000000) refers (Special) to __rtentry2.o(.ARM.Collect$$rtentry$$00000002) for __rt_entry_presh_1
    __rtentry.o(.ARM.Collect$$rtentry$$00000000) refers (Special) to __rtentry4.o(.ARM.Collect$$rtentry$$00000004) for __rt_entry_sh
    aeabi_ldiv0_sigfpe.o(.text) refers to rt_div0.o(.text) for __rt_div0
    _printf_char_file.o(.text) refers to _printf_char_common.o(.text) for _printf_char_common
    _printf_char_file.o(.text) refers to retarget.o(i.ferror) for ferror
    _printf_char_file.o(.text) refers to retarget.o(i.fputc) for fputc
    __rtentry2.o(.ARM.Collect$$rtentry$$00000008) refers to boardinit2.o(.text) for _platform_post_stackheap_init
    __rtentry2.o(.ARM.Collect$$rtentry$$0000000A) refers to libinit.o(.ARM.Collect$$libinit$$00000000) for __rt_lib_init
    __rtentry2.o(.ARM.Collect$$rtentry$$0000000B) refers to boardinit3.o(.text) for _platform_post_lib_init
    __rtentry2.o(.ARM.Collect$$rtentry$$0000000D) refers to p1_main.o(i.main) for main
    __rtentry2.o(.ARM.Collect$$rtentry$$0000000D) refers to exit.o(.text) for exit
    __rtentry2.o(.ARM.exidx) refers to __rtentry2.o(.ARM.Collect$$rtentry$$00000001) for .ARM.Collect$$rtentry$$00000001
    __rtentry2.o(.ARM.exidx) refers to __rtentry2.o(.ARM.Collect$$rtentry$$00000008) for .ARM.Collect$$rtentry$$00000008
    __rtentry2.o(.ARM.exidx) refers to __rtentry2.o(.ARM.Collect$$rtentry$$0000000A) for .ARM.Collect$$rtentry$$0000000A
    __rtentry2.o(.ARM.exidx) refers to __rtentry2.o(.ARM.Collect$$rtentry$$0000000B) for .ARM.Collect$$rtentry$$0000000B
    __rtentry2.o(.ARM.exidx) refers to __rtentry2.o(.ARM.Collect$$rtentry$$0000000D) for .ARM.Collect$$rtentry$$0000000D
    __rtentry4.o(.ARM.Collect$$rtentry$$00000004) refers to sys_stackheap_outer.o(.text) for __user_setup_stackheap
    __rtentry4.o(.ARM.exidx) refers to __rtentry4.o(.ARM.Collect$$rtentry$$00000004) for .ARM.Collect$$rtentry$$00000004
    rt_div0.o(.text) refers to defsig_fpe_outer.o(.text) for __rt_SIGFPE
    _printf_char_common.o(.text) refers to __printf_nopercent.o(.text) for __printf
    sys_stackheap_outer.o(.text) refers to libspace.o(.text) for __user_perproc_libspace
    sys_stackheap_outer.o(.text) refers to startup_lpc17xx.o(.text) for __user_initial_stackheap
    exit.o(.text) refers to rtexit.o(.ARM.Collect$$rtexit$$00000000) for __rt_exit
    defsig_fpe_outer.o(.text) refers to defsig_fpe_inner.o(.text) for __rt_SIGFPE_inner
    defsig_fpe_outer.o(.text) refers to defsig_exit.o(.text) for __sig_exit
    defsig_fpe_formal.o(.text) refers to rt_raise.o(.text) for __rt_raise
    libinit.o(.ARM.Collect$$libinit$$00000000) refers (Special) to libinit2.o(.ARM.Collect$$libinit$$0000002E) for __rt_lib_init_alloca_1
    libinit.o(.ARM.Collect$$libinit$$00000000) refers (Special) to libinit2.o(.ARM.Collect$$libinit$$0000002C) for __rt_lib_init_argv_1
    libinit.o(.ARM.Collect$$libinit$$00000000) refers (Special) to libinit2.o(.ARM.Collect$$libinit$$0000001B) for __rt_lib_init_atexit_1
    libinit.o(.ARM.Collect$$libinit$$00000000) refers (Special) to libinit2.o(.ARM.Collect$$libinit$$00000021) for __rt_lib_init_clock_1
    libinit.o(.ARM.Collect$$libinit$$00000000) refers (Special) to libinit2.o(.ARM.Collect$$libinit$$00000032) for __rt_lib_init_cpp_1
    libinit.o(.ARM.Collect$$libinit$$00000000) refers (Special) to libinit2.o(.ARM.Collect$$libinit$$00000030) for __rt_lib_init_exceptions_1
    libinit.o(.ARM.Collect$$libinit$$00000000) refers (Special) to libinit2.o(.ARM.Collect$$libinit$$00000002) for __rt_lib_init_fp_1
    libinit.o(.ARM.Collect$$libinit$$00000000) refers (Special) to libinit2.o(.ARM.Collect$$libinit$$0000001F) for __rt_lib_init_fp_trap_1
    libinit.o(.ARM.Collect$$libinit$$00000000) refers (Special) to libinit2.o(.ARM.Collect$$libinit$$00000023) for __rt_lib_init_getenv_1
    libinit.o(.ARM.Collect$$libinit$$00000000) refers (Special) to libinit2.o(.ARM.Collect$$libinit$$0000000A) for __rt_lib_init_heap_1
    libinit.o(.ARM.Collect$$libinit$$00000000) refers (Special) to libinit2.o(.ARM.Collect$$libinit$$00000011) for __rt_lib_init_lc_collate_1
    libinit.o(.ARM.Collect$$libinit$$00000000) refers (Special) to libinit2.o(.ARM.Collect$$libinit$$00000013) for __rt_lib_init_lc_ctype_1
    libinit.o(.ARM.Collect$$libinit$$00000000) refers (Special) to libinit2.o(.ARM.Collect$$libinit$$00000015) for __rt_lib_init_lc_monetary_1
    libinit.o(.ARM.Collect$$libinit$$00000000) refers (Special) to libinit2.o(.ARM.Collect$$libinit$$00000017) for __rt_lib_init_lc_numeric_1
    libinit.o(.ARM.Collect$$libinit$$00000000) refers (Special) to libinit2.o(.ARM.Collect$$libinit$$00000019) for __rt_lib_init_lc_time_1
    libinit.o(.ARM.Collect$$libinit$$00000000) refers (Special) to libinit2.o(.ARM.Collect$$libinit$$00000004) for __rt_lib_init_preinit_1
    libinit.o(.ARM.Collect$$libinit$$00000000) refers (Special) to libinit2.o(.ARM.Collect$$libinit$$0000000E) for __rt_lib_init_rand_1
    libinit.o(.ARM.Collect$$libinit$$00000000) refers (Special) to libinit2.o(.ARM.Collect$$libinit$$00000033) for __rt_lib_init_return
    libinit.o(.ARM.Collect$$libinit$$00000000) refers (Special) to libinit2.o(.ARM.Collect$$libinit$$0000001D) for __rt_lib_init_signal_1
    libinit.o(.ARM.Collect$$libinit$$00000000) refers (Special) to libinit2.o(.ARM.Collect$$libinit$$00000025) for __rt_lib_init_stdio_1
    libinit.o(.ARM.Collect$$libinit$$00000000) refers (Special) to libinit2.o(.ARM.Collect$$libinit$$0000000C) for __rt_lib_init_user_alloc_1
    libspace.o(.text) refers to libspace.o(.bss) for __libspace_start
    rtexit.o(.ARM.Collect$$rtexit$$00000000) refers (Special) to rtexit2.o(.ARM.Collect$$rtexit$$00000004) for __rt_exit_exit
    rtexit.o(.ARM.Collect$$rtexit$$00000000) refers (Special) to rtexit2.o(.ARM.Collect$$rtexit$$00000003) for __rt_exit_ls
    rtexit.o(.ARM.Collect$$rtexit$$00000000) refers (Special) to rtexit2.o(.ARM.Collect$$rtexit$$00000002) for __rt_exit_prels_1
    rtexit.o(.ARM.exidx) refers (Special) to rtexit2.o(.ARM.Collect$$rtexit$$00000004) for __rt_exit_exit
    rtexit.o(.ARM.exidx) refers (Special) to rtexit2.o(.ARM.Collect$$rtexit$$00000003) for __rt_exit_ls
    rtexit.o(.ARM.exidx) refers (Special) to rtexit2.o(.ARM.Collect$$rtexit$$00000002) for __rt_exit_prels_1
    rtexit.o(.ARM.exidx) refers to rtexit.o(.ARM.Collect$$rtexit$$00000000) for .ARM.Collect$$rtexit$$00000000
    rt_raise.o(.text) refers to __raise.o(.text) for __raise
    rt_raise.o(.text) refers to retarget.o(i._sys_exit) for _sys_exit
    defsig_exit.o(.text) refers to retarget.o(i._sys_exit) for _sys_exit
    defsig_fpe_inner.o(.text) refers to defsig_general.o(.text) for __default_signal_display
    libinit2.o(.ARM.Collect$$libinit$$00000010) refers to libinit2.o(.ARM.Collect$$libinit$$0000000F) for .ARM.Collect$$libinit$$0000000F
    libinit2.o(.ARM.Collect$$libinit$$00000012) refers to libinit2.o(.ARM.Collect$$libinit$$0000000F) for .ARM.Collect$$libinit$$0000000F
    libinit2.o(.ARM.Collect$$libinit$$00000014) refers to libinit2.o(.ARM.Collect$$libinit$$0000000F) for .ARM.Collect$$libinit$$0000000F
    libinit2.o(.ARM.Collect$$libinit$$00000016) refers to libinit2.o(.ARM.Collect$$libinit$$0000000F) for .ARM.Collect$$libinit$$0000000F
    libinit2.o(.ARM.Collect$$libinit$$00000018) refers to libinit2.o(.ARM.Collect$$libinit$$0000000F) for .ARM.Collect$$libinit$$0000000F
    libinit2.o(.ARM.Collect$$libinit$$00000026) refers to argv_veneer.o(.emb_text) for __ARM_argv_veneer
    libinit2.o(.ARM.Collect$$libinit$$00000027) refers to argv_veneer.o(.emb_text) for __ARM_argv_veneer
    rtexit2.o(.ARM.Collect$$rtexit$$00000003) refers to libshutdown.o(.ARM.Collect$$libshutdown$$00000000) for __rt_lib_shutdown
    rtexit2.o(.ARM.Collect$$rtexit$$00000004) refers to retarget.o(i._sys_exit) for _sys_exit
    rtexit2.o(.ARM.exidx) refers to rtexit2.o(.ARM.Collect$$rtexit$$00000001) for .ARM.Collect$$rtexit$$00000001
    rtexit2.o(.ARM.exidx) refers to rtexit2.o(.ARM.Collect$$rtexit$$00000003) for .ARM.Collect$$rtexit$$00000003
    rtexit2.o(.ARM.exidx) refers to rtexit2.o(.ARM.Collect$$rtexit$$00000004) for .ARM.Collect$$rtexit$$00000004
    __raise.o(.text) refers to defsig.o(CL$$defsig) for __default_signal_handler
    defsig_general.o(.text) refers to retarget.o(i._ttywrch) for _ttywrch
    argv_veneer.o(.emb_text) refers to no_argv.o(.text) for __ARM_get_argv
    defsig.o(CL$$defsig) refers to defsig_fpe_inner.o(.text) for __rt_SIGFPE_inner
    defsig.o(CL$$defsig) refers to defsig_rtmem_inner.o(.text) for __rt_SIGRTMEM_inner
    _get_argv_nomalloc.o(.text) refers (Special) to hrguard.o(.text) for __heap_region$guard
    _get_argv_nomalloc.o(.text) refers to defsig_rtmem_outer.o(.text) for __rt_SIGRTMEM
    _get_argv_nomalloc.o(.text) refers to sys_command.o(.text) for _sys_command_string
    libshutdown.o(.ARM.Collect$$libshutdown$$00000000) refers (Special) to libshutdown2.o(.ARM.Collect$$libshutdown$$00000002) for __rt_lib_shutdown_cpp_1
    libshutdown.o(.ARM.Collect$$libshutdown$$00000000) refers (Special) to libshutdown2.o(.ARM.Collect$$libshutdown$$00000007) for __rt_lib_shutdown_fp_trap_1
    libshutdown.o(.ARM.Collect$$libshutdown$$00000000) refers (Special) to libshutdown2.o(.ARM.Collect$$libshutdown$$0000000F) for __rt_lib_shutdown_heap_1
    libshutdown.o(.ARM.Collect$$libshutdown$$00000000) refers (Special) to libshutdown2.o(.ARM.Collect$$libshutdown$$00000010) for __rt_lib_shutdown_return
    libshutdown.o(.ARM.Collect$$libshutdown$$00000000) refers (Special) to libshutdown2.o(.ARM.Collect$$libshutdown$$0000000A) for __rt_lib_shutdown_signal_1
    libshutdown.o(.ARM.Collect$$libshutdown$$00000000) refers (Special) to libshutdown2.o(.ARM.Collect$$libshutdown$$00000004) for __rt_lib_shutdown_stdio_1
    libshutdown.o(.ARM.Collect$$libshutdown$$00000000) refers (Special) to libshutdown2.o(.ARM.Collect$$libshutdown$$0000000C) for __rt_lib_shutdown_user_alloc_1
    sys_command.o(.text) refers (Special) to use_no_semi.o(.text) for __I$use$semihosting
    sys_command.o(.text) refers (Special) to indicate_semi.o(.text) for __semihosting_library_function
    defsig_abrt_inner.o(.text) refers to defsig_general.o(.text) for __default_signal_display
    defsig_rtred_inner.o(.text) refers to defsig_general.o(.text) for __default_signal_display
    defsig_rtmem_inner.o(.text) refers to defsig_general.o(.text) for __default_signal_display
    defsig_rtmem_outer.o(.text) refers to defsig_rtmem_inner.o(.text) for __rt_SIGRTMEM_inner
    defsig_rtmem_outer.o(.text) refers to defsig_exit.o(.text) for __sig_exit
    defsig_rtmem_formal.o(.text) refers to rt_raise.o(.text) for __rt_raise
    defsig_stak_inner.o(.text) refers to defsig_general.o(.text) for __default_signal_display
    defsig_pvfn_inner.o(.text) refers to defsig_general.o(.text) for __default_signal_display
    defsig_cppl_inner.o(.text) refers to defsig_general.o(.text) for __default_signal_display
    defsig_segv_inner.o(.text) refers to defsig_general.o(.text) for __default_signal_display
    defsig_other.o(.text) refers to defsig_general.o(.text) for __default_signal_display


==============================================================================

Removing Unused input sections from the image.

    Removing p1_main.o(.rev16_text), (4 bytes).
    Removing p1_main.o(.revsh_text), (4 bytes).
    Removing p1_main.o(.rrx_text), (6 bytes).
    Removing p1_main.o(i.thread4), (20 bytes).
    Removing p1_main.o(i.thread5), (20 bytes).
    Removing p1_main.o(i.thread6), (16 bytes).
    Removing p1_main.o(i.thread7), (24 bytes).
    Removing p1_main.o(i.thread8), (24 bytes).
    Removing retarget.o(i._ttywrch), (12 bytes).
    Removing retarget.o(i.fgetc), (20 bytes).
    Removing retarget.o(i.getkey), (36 bytes).
    Removing uart.o(.rev16_text), (4 bytes).
    Removing uart.o(.revsh_text), (4 bytes).
    Removing uart.o(.rrx_text), (6 bytes).
    Removing uart.o(i.Lock), (28 bytes).
    Removing uart.o(i.LockRcv), (36 bytes).
    Removing uart.o(i.LockSnd), (36 bytes).
    Removing uart.o(i.UARTReceiveChar), (36 bytes).
    Removing uart.o(i.UARTRecieve), (160 bytes).
    Removing uart.o(i.UARTSend), (132 bytes).
    Removing _kernelcore.o(.rev16_text), (4 bytes).
    Removing _kernelcore.o(.revsh_text), (4 bytes).
    Removing _kernelcore.o(.rrx_text), (6 bytes).
    Removing _kernelcore.o(i.threadSleep), (56 bytes).
    Removing _threadscore.o(.rev16_text), (4 bytes).
    Removing _threadscore.o(.revsh_text), (4 bytes).
    Removing _threadscore.o(.rrx_text), (6 bytes).
    Removing system_lpc17xx.o(.rev16_text), (4 bytes).
    Removing system_lpc17xx.o(.revsh_text), (4 bytes).
    Removing system_lpc17xx.o(.rrx_text), (6 bytes).
    Removing system_lpc17xx.o(i.SystemCoreClockUpdate), (424 bytes).

31 unused section(s) (total 1150 bytes) removed from the image.

==============================================================================

Image Symbol Table

    Local Symbols

    Symbol Name                              Value     Ov Type        Size  Object(Section)

    RESET                                    0x00000000   Section      204  startup_lpc17xx.o(RESET)
    ../clib/angel/boardlib.s                 0x00000000   Number         0  boardinit2.o ABSOLUTE
    ../clib/angel/boardlib.s                 0x00000000   Number         0  boardinit1.o ABSOLUTE
    ../clib/angel/boardlib.s                 0x00000000   Number         0  boardinit3.o ABSOLUTE
    ../clib/angel/boardlib.s                 0x00000000   Number         0  boardshut.o ABSOLUTE
    ../clib/angel/handlers.s                 0x00000000   Number         0  __scatter_copy.o ABSOLUTE
    ../clib/angel/handlers.s                 0x00000000   Number         0  __scatter_zi.o ABSOLUTE
    ../clib/angel/kernel.s                   0x00000000   Number         0  __rtentry2.o ABSOLUTE
    ../clib/angel/kernel.s                   0x00000000   Number         0  rtexit2.o ABSOLUTE
    ../clib/angel/kernel.s                   0x00000000   Number         0  __rtentry.o ABSOLUTE
    ../clib/angel/kernel.s                   0x00000000   Number         0  rtexit.o ABSOLUTE
    ../clib/angel/kernel.s                   0x00000000   Number         0  __rtentry4.o ABSOLUTE
    ../clib/angel/rt.s                       0x00000000   Number         0  rt_div0.o ABSOLUTE
    ../clib/angel/rt.s                       0x00000000   Number         0  rt_raise.o ABSOLUTE
    ../clib/angel/rt.s                       0x00000000   Number         0  aeabi_ldiv0_sigfpe.o ABSOLUTE
    ../clib/angel/rt.s                       0x00000000   Number         0  aeabi_ldiv0.o ABSOLUTE
    ../clib/angel/scatter.s                  0x00000000   Number         0  __scatter.o ABSOLUTE
    ../clib/angel/startup.s                  0x00000000   Number         0  __main.o ABSOLUTE
    ../clib/angel/sys.s                      0x00000000   Number         0  libspace.o ABSOLUTE
    ../clib/angel/sys.s                      0x00000000   Number         0  indicate_semi.o ABSOLUTE
    ../clib/angel/sys.s                      0x00000000   Number         0  use_no_semi.o ABSOLUTE
    ../clib/angel/sys.s                      0x00000000   Number         0  sys_stackheap_outer.o ABSOLUTE
    ../clib/angel/sysapp.c                   0x00000000   Number         0  sys_command.o ABSOLUTE
    ../clib/armsys.c                         0x00000000   Number         0  argv_veneer.o ABSOLUTE
    ../clib/armsys.c                         0x00000000   Number         0  argv_veneer.o ABSOLUTE
    ../clib/armsys.c                         0x00000000   Number         0  _get_argv_nomalloc.o ABSOLUTE
    ../clib/armsys.c                         0x00000000   Number         0  no_argv.o ABSOLUTE
    ../clib/heapalloc.c                      0x00000000   Number         0  hrguard.o ABSOLUTE
    ../clib/heapaux.c                        0x00000000   Number         0  heapauxi.o ABSOLUTE
    ../clib/libinit.s                        0x00000000   Number         0  libinit.o ABSOLUTE
    ../clib/libinit.s                        0x00000000   Number         0  libinit2.o ABSOLUTE
    ../clib/libinit.s                        0x00000000   Number         0  libshutdown2.o ABSOLUTE
    ../clib/libinit.s                        0x00000000   Number         0  libshutdown.o ABSOLUTE
    ../clib/longlong.s                       0x00000000   Number         0  lludivv7m.o ABSOLUTE
    ../clib/memcpset.s                       0x00000000   Number         0  rt_memclr_w.o ABSOLUTE
    ../clib/memcpset.s                       0x00000000   Number         0  rt_memcpy_w.o ABSOLUTE
    ../clib/printf.c                         0x00000000   Number         0  __printf_nopercent.o ABSOLUTE
    ../clib/printf.c                         0x00000000   Number         0  __2printf.o ABSOLUTE
    ../clib/printf.c                         0x00000000   Number         0  _printf_char_common.o ABSOLUTE
    ../clib/printf.c                         0x00000000   Number         0  noretval__2printf.o ABSOLUTE
    ../clib/printf.c                         0x00000000   Number         0  _printf_char_file.o ABSOLUTE
    ../clib/signal.c                         0x00000000   Number         0  defsig_rtmem_formal.o ABSOLUTE
    ../clib/signal.c                         0x00000000   Number         0  defsig_stak_inner.o ABSOLUTE
    ../clib/signal.c                         0x00000000   Number         0  defsig_pvfn_inner.o ABSOLUTE
    ../clib/signal.c                         0x00000000   Number         0  defsig_cppl_inner.o ABSOLUTE
    ../clib/signal.c                         0x00000000   Number         0  defsig_segv_inner.o ABSOLUTE
    ../clib/signal.c                         0x00000000   Number         0  defsig_other.o ABSOLUTE
    ../clib/signal.c                         0x00000000   Number         0  defsig_rtmem_inner.o ABSOLUTE
    ../clib/signal.c                         0x00000000   Number         0  defsig_abrt_inner.o ABSOLUTE
    ../clib/signal.c                         0x00000000   Number         0  defsig_fpe_inner.o ABSOLUTE
    ../clib/signal.c                         0x00000000   Number         0  defsig_exit.o ABSOLUTE
    ../clib/signal.c                         0x00000000   Number         0  defsig_rtmem_outer.o ABSOLUTE
    ../clib/signal.c                         0x00000000   Number         0  defsig_fpe_outer.o ABSOLUTE
    ../clib/signal.c                         0x00000000   Number         0  defsig_general.o ABSOLUTE
    ../clib/signal.c                         0x00000000   Number         0  defsig_rtred_inner.o ABSOLUTE
    ../clib/signal.c                         0x00000000   Number         0  __raise.o ABSOLUTE
    ../clib/signal.c                         0x00000000   Number         0  defsig_fpe_formal.o ABSOLUTE
    ../clib/signal.s                         0x00000000   Number         0  defsig.o ABSOLUTE
    ../clib/stdlib.c                         0x00000000   Number         0  exit.o ABSOLUTE
    ../fplib/fpinit.s                        0x00000000   Number         0  fpinit.o ABSOLUTE
    RTE\Device\LPC1768\startup_LPC17xx.s     0x00000000   Number         0  startup_lpc17xx.o ABSOLUTE
    RTE\Device\LPC1768\system_LPC17xx.c      0x00000000   Number         0  system_lpc17xx.o ABSOLUTE
    RTE\\Device\\LPC1768\\system_LPC17xx.c   0x00000000   Number         0  system_lpc17xx.o ABSOLUTE
    dc.s                                     0x00000000   Number         0  dc.o ABSOLUTE
    src\Retarget.c                           0x00000000   Number         0  retarget.o ABSOLUTE
    src\\_kernelCore.c                       0x00000000   Number         0  _kernelcore.o ABSOLUTE
    src\\_threadsCore.c                      0x00000000   Number         0  _threadscore.o ABSOLUTE
    src\\p1_main.c                           0x00000000   Number         0  p1_main.o ABSOLUTE
    src\\uart.c                              0x00000000   Number         0  uart.o ABSOLUTE
    src\_kernelCore.c                        0x00000000   Number         0  _kernelcore.o ABSOLUTE
    src\_threadsCore.c                       0x00000000   Number         0  _threadscore.o ABSOLUTE
    src\p1_main.c                            0x00000000   Number         0  p1_main.o ABSOLUTE
    src\svc_call.s                           0x00000000   Number         0  svc_call.o ABSOLUTE
    src\uart.c                               0x00000000   Number         0  uart.o ABSOLUTE
    !!!main                                  0x000000cc   Section        8  __main.o(!!!main)
    !!!scatter                               0x000000d4   Section       52  __scatter.o(!!!scatter)
    !!handler_copy                           0x00000108   Section       26  __scatter_copy.o(!!handler_copy)
    !!handler_zi                             0x00000124   Section       28  __scatter_zi.o(!!handler_zi)
    .ARM.Collect$$libinit$$00000000          0x00000140   Section        2  libinit.o(.ARM.Collect$$libinit$$00000000)
    .ARM.Collect$$libinit$$00000002          0x00000142   Section        0  libinit2.o(.ARM.Collect$$libinit$$00000002)
    .ARM.Collect$$libinit$$00000004          0x00000142   Section        0  libinit2.o(.ARM.Collect$$libinit$$00000004)
    .ARM.Collect$$libinit$$0000000A          0x00000142   Section        0  libinit2.o(.ARM.Collect$$libinit$$0000000A)
    .ARM.Collect$$libinit$$0000000C          0x00000142   Section        0  libinit2.o(.ARM.Collect$$libinit$$0000000C)
    .ARM.Collect$$libinit$$0000000E          0x00000142   Section        0  libinit2.o(.ARM.Collect$$libinit$$0000000E)
    .ARM.Collect$$libinit$$00000011          0x00000142   Section        0  libinit2.o(.ARM.Collect$$libinit$$00000011)
    .ARM.Collect$$libinit$$00000013          0x00000142   Section        0  libinit2.o(.ARM.Collect$$libinit$$00000013)
    .ARM.Collect$$libinit$$00000015          0x00000142   Section        0  libinit2.o(.ARM.Collect$$libinit$$00000015)
    .ARM.Collect$$libinit$$00000017          0x00000142   Section        0  libinit2.o(.ARM.Collect$$libinit$$00000017)
    .ARM.Collect$$libinit$$00000019          0x00000142   Section        0  libinit2.o(.ARM.Collect$$libinit$$00000019)
    .ARM.Collect$$libinit$$0000001B          0x00000142   Section        0  libinit2.o(.ARM.Collect$$libinit$$0000001B)
    .ARM.Collect$$libinit$$0000001D          0x00000142   Section        0  libinit2.o(.ARM.Collect$$libinit$$0000001D)
    .ARM.Collect$$libinit$$0000001F          0x00000142   Section        0  libinit2.o(.ARM.Collect$$libinit$$0000001F)
    .ARM.Collect$$libinit$$00000021          0x00000142   Section        0  libinit2.o(.ARM.Collect$$libinit$$00000021)
    .ARM.Collect$$libinit$$00000023          0x00000142   Section        0  libinit2.o(.ARM.Collect$$libinit$$00000023)
    .ARM.Collect$$libinit$$00000025          0x00000142   Section        0  libinit2.o(.ARM.Collect$$libinit$$00000025)
    .ARM.Collect$$libinit$$0000002C          0x00000142   Section        0  libinit2.o(.ARM.Collect$$libinit$$0000002C)
    .ARM.Collect$$libinit$$0000002E          0x00000142   Section        0  libinit2.o(.ARM.Collect$$libinit$$0000002E)
    .ARM.Collect$$libinit$$00000030          0x00000142   Section        0  libinit2.o(.ARM.Collect$$libinit$$00000030)
    .ARM.Collect$$libinit$$00000032          0x00000142   Section        0  libinit2.o(.ARM.Collect$$libinit$$00000032)
    .ARM.Collect$$libinit$$00000033          0x00000142   Section        2  libinit2.o(.ARM.Collect$$libinit$$00000033)
    .ARM.Collect$$libshutdown$$00000000      0x00000144   Section        2  libshutdown.o(.ARM.Collect$$libshutdown$$00000000)
    .ARM.Collect$$libshutdown$$00000002      0x00000146   Section        0  libshutdown2.o(.ARM.Collect$$libshutdown$$00000002)
    .ARM.Collect$$libshutdown$$00000004      0x00000146   Section        0  libshutdown2.o(.ARM.Collect$$libshutdown$$00000004)
    .ARM.Collect$$libshutdown$$00000007      0x00000146   Section        0  libshutdown2.o(.ARM.Collect$$libshutdown$$00000007)
    .ARM.Collect$$libshutdown$$0000000A      0x00000146   Section        0  libshutdown2.o(.ARM.Collect$$libshutdown$$0000000A)
    .ARM.Collect$$libshutdown$$0000000C      0x00000146   Section        0  libshutdown2.o(.ARM.Collect$$libshutdown$$0000000C)
    .ARM.Collect$$libshutdown$$0000000F      0x00000146   Section        0  libshutdown2.o(.ARM.Collect$$libshutdown$$0000000F)
    .ARM.Collect$$libshutdown$$00000010      0x00000146   Section        2  libshutdown2.o(.ARM.Collect$$libshutdown$$00000010)
    .ARM.Collect$$rtentry$$00000000          0x00000148   Section        0  __rtentry.o(.ARM.Collect$$rtentry$$00000000)
    .ARM.Collect$$rtentry$$00000002          0x00000148   Section        0  __rtentry2.o(.ARM.Collect$$rtentry$$00000002)
    .ARM.Collect$$rtentry$$00000004          0x00000148   Section        6  __rtentry4.o(.ARM.Collect$$rtentry$$00000004)
    .ARM.Collect$$rtentry$$00000009          0x0000014e   Section        0  __rtentry2.o(.ARM.Collect$$rtentry$$00000009)
    .ARM.Collect$$rtentry$$0000000A          0x0000014e   Section        4  __rtentry2.o(.ARM.Collect$$rtentry$$0000000A)
    .ARM.Collect$$rtentry$$0000000C          0x00000152   Section        0  __rtentry2.o(.ARM.Collect$$rtentry$$0000000C)
    .ARM.Collect$$rtentry$$0000000D          0x00000152   Section        8  __rtentry2.o(.ARM.Collect$$rtentry$$0000000D)
    .ARM.Collect$$rtexit$$00000000           0x0000015a   Section        2  rtexit.o(.ARM.Collect$$rtexit$$00000000)
    .ARM.Collect$$rtexit$$00000002           0x0000015c   Section        0  rtexit2.o(.ARM.Collect$$rtexit$$00000002)
    .ARM.Collect$$rtexit$$00000003           0x0000015c   Section        4  rtexit2.o(.ARM.Collect$$rtexit$$00000003)
    .ARM.Collect$$rtexit$$00000004           0x00000160   Section        6  rtexit2.o(.ARM.Collect$$rtexit$$00000004)
    .text                                    0x00000168   Section       64  startup_lpc17xx.o(.text)
    .text                                    0x000001a8   Section        0  noretval__2printf.o(.text)
    .text                                    0x000001c0   Section      100  rt_memcpy_w.o(.text)
    .text                                    0x00000224   Section       78  rt_memclr_w.o(.text)
    .text                                    0x00000272   Section        0  heapauxi.o(.text)
    .text                                    0x00000278   Section        0  _printf_char_file.o(.text)
    .text                                    0x0000029c   Section        0  _printf_char_common.o(.text)
    _printf_input_char                       0x0000029d   Thumb Code    10  _printf_char_common.o(.text)
    .text                                    0x000002cc   Section        0  __printf_nopercent.o(.text)
    .text                                    0x000002f4   Section        8  libspace.o(.text)
    .ARM.__at_0x02FC                         0x000002fc   Section        4  startup_lpc17xx.o(.ARM.__at_0x02FC)
    .text                                    0x00000300   Section       74  sys_stackheap_outer.o(.text)
    .text                                    0x0000034a   Section        0  exit.o(.text)
    handle_pend                              0x0000035c   Section       48  svc_call.o(handle_pend)
    i.Free                                   0x0000038c   Section        0  uart.o(i.Free)
    i.FreeRcv                                0x00000394   Section        0  uart.o(i.FreeRcv)
    i.FreeSnd                                0x000003b8   Section        0  uart.o(i.FreeSnd)
    i.SVC_Handler_Main                       0x000003dc   Section        0  _kernelcore.o(i.SVC_Handler_Main)
    i.SysTick_Handler                        0x000003f0   Section        0  _kernelcore.o(i.SysTick_Handler)
    i.SystemInit                             0x00000548   Section        0  system_lpc17xx.o(i.SystemInit)
    i.UART0_IRQHandler                       0x00000688   Section        0  uart.o(i.UART0_IRQHandler)
    i.UART1_IRQHandler                       0x000006f0   Section        0  uart.o(i.UART1_IRQHandler)
    i.UARTInit                               0x00000760   Section        0  uart.o(i.UARTInit)
    i.UARTSendChar                           0x0000081c   Section        0  uart.o(i.UARTSendChar)
    i.__NVIC_EnableIRQ                       0x00000840   Section        0  uart.o(i.__NVIC_EnableIRQ)
    __NVIC_EnableIRQ                         0x00000841   Thumb Code    34  uart.o(i.__NVIC_EnableIRQ)
    i._sys_exit                              0x00000862   Section        0  retarget.o(i._sys_exit)
    i.createThread                           0x00000868   Section        0  _threadscore.o(i.createThread)
    i.dequeue                                0x00000ae4   Section        0  _kernelcore.o(i.dequeue)
    i.edfSched                               0x00000b80   Section        0  _kernelcore.o(i.edfSched)
    i.enqueue                                0x00000bd8   Section        0  _kernelcore.o(i.enqueue)
    i.ferror                                 0x00000c90   Section        0  retarget.o(i.ferror)
    i.fputc                                  0x00000c98   Section        0  retarget.o(i.fputc)
    i.getFrequency                           0x00000ca8   Section        0  uart.o(i.getFrequency)
    i.getMSPInitialLocation                  0x00000cf0   Section        0  _threadscore.o(i.getMSPInitialLocation)
    i.getNewThreadStack                      0x00000cf6   Section        0  _threadscore.o(i.getNewThreadStack)
    i.idleThread                             0x00000d10   Section        0  p1_main.o(i.idleThread)
    i.kernelInit                             0x00000d14   Section        0  _kernelcore.o(i.kernelInit)
    i.kernelStart                            0x00000d3c   Section        0  _kernelcore.o(i.kernelStart)
    i.main                                   0x00000d6c   Section        0  p1_main.o(i.main)
    i.osCreateMutex                          0x00000e3c   Section        0  _kernelcore.o(i.osCreateMutex)
    i.osGiveMutex                            0x00000ecc   Section        0  _kernelcore.o(i.osGiveMutex)
    i.osSched                                0x00000f88   Section        0  _kernelcore.o(i.osSched)
    i.osTakeMutex                            0x000010a8   Section        0  _kernelcore.o(i.osTakeMutex)
    i.osYield                                0x00001184   Section        0  _kernelcore.o(i.osYield)
    i.sendchar                               0x0000118c   Section        0  retarget.o(i.sendchar)
    i.setThreadingWithPSP                    0x000011d0   Section        0  _threadscore.o(i.setThreadingWithPSP)
    i.taskSwitch                             0x000011e8   Section        0  _kernelcore.o(i.taskSwitch)
    i.thread1                                0x00001208   Section        0  p1_main.o(i.thread1)
    i.thread2                                0x00001244   Section        0  p1_main.o(i.thread2)
    i.thread3                                0x0000128c   Section        0  p1_main.o(i.thread3)
    .constdata                               0x000012c4   Section      380  _kernelcore.o(.constdata)
    .data                                    0x10000000   Section        4  p1_main.o(.data)
    .data                                    0x10000004   Section       12  retarget.o(.data)
    .data                                    0x10000010   Section       32  uart.o(.data)
    .data                                    0x10000030   Section       12  _kernelcore.o(.data)
    .data                                    0x1000003c   Section        4  system_lpc17xx.o(.data)
    .bss                                     0x10000040   Section      128  uart.o(.bss)
    .bss                                     0x100000c0   Section     3944  _kernelcore.o(.bss)
    .bss                                     0x10001028   Section       96  libspace.o(.bss)
    HEAP                                     0x10001088   Section     8192  startup_lpc17xx.o(HEAP)
    Heap_Mem                                 0x10001088   Data        8192  startup_lpc17xx.o(HEAP)
    STACK                                    0x10003088   Section     8192  startup_lpc17xx.o(STACK)
    Stack_Mem                                0x10003088   Data        8192  startup_lpc17xx.o(STACK)
    __initial_sp                             0x10005088   Data           0  startup_lpc17xx.o(STACK)

    Global Symbols

    Symbol Name                              Value     Ov Type        Size  Object(Section)

    BuildAttributes$$THM_ISAv4$P$D$K$B$S$PE$A:L22UL41UL21$X:L11$S22US41US21$IEEE1$IW$USESV6$~STKCKD$USESV7$~SHL$OSPACE$ROPI$EBA8$UX$STANDARDLIB$REQ8$PRES8$EABIv2 0x00000000   Number         0  anon$$obj.o ABSOLUTE
    __ARM_use_no_argv                        0x00000000   Number         0  p1_main.o ABSOLUTE
    __Vectors                                0x00000000   Data           4  startup_lpc17xx.o(RESET)
    __ARM_exceptions_init                     - Undefined Weak Reference
    __alloca_initialize                       - Undefined Weak Reference
    __arm_preinit_                            - Undefined Weak Reference
    __cpp_initialize__aeabi_                  - Undefined Weak Reference
    __cxa_finalize                            - Undefined Weak Reference
    __rt_locale                               - Undefined Weak Reference
    __sigvec_lookup                           - Undefined Weak Reference
    _atexit_init                              - Undefined Weak Reference
    _call_atexit_fns                          - Undefined Weak Reference
    _clock_init                               - Undefined Weak Reference
    _fp_trap_init                             - Undefined Weak Reference
    _fp_trap_shutdown                         - Undefined Weak Reference
    _get_lc_collate                           - Undefined Weak Reference
    _get_lc_ctype                             - Undefined Weak Reference
    _get_lc_monetary                          - Undefined Weak Reference
    _get_lc_numeric                           - Undefined Weak Reference
    _get_lc_time                              - Undefined Weak Reference
    _getenv_init                              - Undefined Weak Reference
    _handle_redirection                       - Undefined Weak Reference
    _init_alloc                               - Undefined Weak Reference
    _init_user_alloc                          - Undefined Weak Reference
    _initio                                   - Undefined Weak Reference
    _rand_init                                - Undefined Weak Reference
    _signal_finish                            - Undefined Weak Reference
    _signal_init                              - Undefined Weak Reference
    _terminate_alloc                          - Undefined Weak Reference
    _terminate_user_alloc                     - Undefined Weak Reference
    _terminateio                              - Undefined Weak Reference
    __main                                   0x000000cd   Thumb Code     8  __main.o(!!!main)
    __scatterload                            0x000000d5   Thumb Code     0  __scatter.o(!!!scatter)
    __scatterload_rt2                        0x000000d5   Thumb Code    44  __scatter.o(!!!scatter)
    __scatterload_rt2_thumb_only             0x000000d5   Thumb Code     0  __scatter.o(!!!scatter)
    __scatterload_null                       0x000000e3   Thumb Code     0  __scatter.o(!!!scatter)
    __scatterload_copy                       0x00000109   Thumb Code    26  __scatter_copy.o(!!handler_copy)
    __scatterload_zeroinit                   0x00000125   Thumb Code    28  __scatter_zi.o(!!handler_zi)
    __rt_lib_init                            0x00000141   Thumb Code     0  libinit.o(.ARM.Collect$$libinit$$00000000)
    __rt_lib_init_alloca_1                   0x00000143   Thumb Code     0  libinit2.o(.ARM.Collect$$libinit$$0000002E)
    __rt_lib_init_argv_1                     0x00000143   Thumb Code     0  libinit2.o(.ARM.Collect$$libinit$$0000002C)
    __rt_lib_init_atexit_1                   0x00000143   Thumb Code     0  libinit2.o(.ARM.Collect$$libinit$$0000001B)
    __rt_lib_init_clock_1                    0x00000143   Thumb Code     0  libinit2.o(.ARM.Collect$$libinit$$00000021)
    __rt_lib_init_cpp_1                      0x00000143   Thumb Code     0  libinit2.o(.ARM.Collect$$libinit$$00000032)
    __rt_lib_init_exceptions_1               0x00000143   Thumb Code     0  libinit2.o(.ARM.Collect$$libinit$$00000030)
    __rt_lib_init_fp_1                       0x00000143   Thumb Code     0  libinit2.o(.ARM.Collect$$libinit$$00000002)
    __rt_lib_init_fp_trap_1                  0x00000143   Thumb Code     0  libinit2.o(.ARM.Collect$$libinit$$0000001F)
    __rt_lib_init_getenv_1                   0x00000143   Thumb Code     0  libinit2.o(.ARM.Collect$$libinit$$00000023)
    __rt_lib_init_heap_1                     0x00000143   Thumb Code     0  libinit2.o(.ARM.Collect$$libinit$$0000000A)
    __rt_lib_init_lc_collate_1               0x00000143   Thumb Code     0  libinit2.o(.ARM.Collect$$libinit$$00000011)
    __rt_lib_init_lc_ctype_1                 0x00000143   Thumb Code     0  libinit2.o(.ARM.Collect$$libinit$$00000013)
    __rt_lib_init_lc_monetary_1              0x00000143   Thumb Code     0  libinit2.o(.ARM.Collect$$libinit$$00000015)
    __rt_lib_init_lc_numeric_1               0x00000143   Thumb Code     0  libinit2.o(.ARM.Collect$$libinit$$00000017)
    __rt_lib_init_lc_time_1                  0x00000143   Thumb Code     0  libinit2.o(.ARM.Collect$$libinit$$00000019)
    __rt_lib_init_preinit_1                  0x00000143   Thumb Code     0  libinit2.o(.ARM.Collect$$libinit$$00000004)
    __rt_lib_init_rand_1                     0x00000143   Thumb Code     0  libinit2.o(.ARM.Collect$$libinit$$0000000E)
    __rt_lib_init_return                     0x00000143   Thumb Code     0  libinit2.o(.ARM.Collect$$libinit$$00000033)
    __rt_lib_init_signal_1                   0x00000143   Thumb Code     0  libinit2.o(.ARM.Collect$$libinit$$0000001D)
    __rt_lib_init_stdio_1                    0x00000143   Thumb Code     0  libinit2.o(.ARM.Collect$$libinit$$00000025)
    __rt_lib_init_user_alloc_1               0x00000143   Thumb Code     0  libinit2.o(.ARM.Collect$$libinit$$0000000C)
    __rt_lib_shutdown                        0x00000145   Thumb Code     0  libshutdown.o(.ARM.Collect$$libshutdown$$00000000)
    __rt_lib_shutdown_cpp_1                  0x00000147   Thumb Code     0  libshutdown2.o(.ARM.Collect$$libshutdown$$00000002)
    __rt_lib_shutdown_fp_trap_1              0x00000147   Thumb Code     0  libshutdown2.o(.ARM.Collect$$libshutdown$$00000007)
    __rt_lib_shutdown_heap_1                 0x00000147   Thumb Code     0  libshutdown2.o(.ARM.Collect$$libshutdown$$0000000F)
    __rt_lib_shutdown_return                 0x00000147   Thumb Code     0  libshutdown2.o(.ARM.Collect$$libshutdown$$00000010)
    __rt_lib_shutdown_signal_1               0x00000147   Thumb Code     0  libshutdown2.o(.ARM.Collect$$libshutdown$$0000000A)
    __rt_lib_shutdown_stdio_1                0x00000147   Thumb Code     0  libshutdown2.o(.ARM.Collect$$libshutdown$$00000004)
    __rt_lib_shutdown_user_alloc_1           0x00000147   Thumb Code     0  libshutdown2.o(.ARM.Collect$$libshutdown$$0000000C)
    __rt_entry                               0x00000149   Thumb Code     0  __rtentry.o(.ARM.Collect$$rtentry$$00000000)
    __rt_entry_presh_1                       0x00000149   Thumb Code     0  __rtentry2.o(.ARM.Collect$$rtentry$$00000002)
    __rt_entry_sh                            0x00000149   Thumb Code     0  __rtentry4.o(.ARM.Collect$$rtentry$$00000004)
    __rt_entry_li                            0x0000014f   Thumb Code     0  __rtentry2.o(.ARM.Collect$$rtentry$$0000000A)
    __rt_entry_postsh_1                      0x0000014f   Thumb Code     0  __rtentry2.o(.ARM.Collect$$rtentry$$00000009)
    __rt_entry_main                          0x00000153   Thumb Code     0  __rtentry2.o(.ARM.Collect$$rtentry$$0000000D)
    __rt_entry_postli_1                      0x00000153   Thumb Code     0  __rtentry2.o(.ARM.Collect$$rtentry$$0000000C)
    __rt_exit                                0x0000015b   Thumb Code     0  rtexit.o(.ARM.Collect$$rtexit$$00000000)
    __rt_exit_ls                             0x0000015d   Thumb Code     0  rtexit2.o(.ARM.Collect$$rtexit$$00000003)
    __rt_exit_prels_1                        0x0000015d   Thumb Code     0  rtexit2.o(.ARM.Collect$$rtexit$$00000002)
    __rt_exit_exit                           0x00000161   Thumb Code     0  rtexit2.o(.ARM.Collect$$rtexit$$00000004)
    Reset_Handler                            0x00000169   Thumb Code     8  startup_lpc17xx.o(.text)
    NMI_Handler                              0x00000171   Thumb Code     2  startup_lpc17xx.o(.text)
    HardFault_Handler                        0x00000173   Thumb Code     2  startup_lpc17xx.o(.text)
    MemManage_Handler                        0x00000175   Thumb Code     2  startup_lpc17xx.o(.text)
    BusFault_Handler                         0x00000177   Thumb Code     2  startup_lpc17xx.o(.text)
    UsageFault_Handler                       0x00000179   Thumb Code     2  startup_lpc17xx.o(.text)
    DebugMon_Handler                         0x0000017d   Thumb Code     2  startup_lpc17xx.o(.text)
    ADC_IRQHandler                           0x00000183   Thumb Code     0  startup_lpc17xx.o(.text)
    BOD_IRQHandler                           0x00000183   Thumb Code     0  startup_lpc17xx.o(.text)
    CANActivity_IRQHandler                   0x00000183   Thumb Code     0  startup_lpc17xx.o(.text)
    CAN_IRQHandler                           0x00000183   Thumb Code     0  startup_lpc17xx.o(.text)
    DMA_IRQHandler                           0x00000183   Thumb Code     0  startup_lpc17xx.o(.text)
    EINT0_IRQHandler                         0x00000183   Thumb Code     0  startup_lpc17xx.o(.text)
    EINT1_IRQHandler                         0x00000183   Thumb Code     0  startup_lpc17xx.o(.text)
    EINT2_IRQHandler                         0x00000183   Thumb Code     0  startup_lpc17xx.o(.text)
    EINT3_IRQHandler                         0x00000183   Thumb Code     0  startup_lpc17xx.o(.text)
    ENET_IRQHandler                          0x00000183   Thumb Code     0  startup_lpc17xx.o(.text)
    I2C0_IRQHandler                          0x00000183   Thumb Code     0  startup_lpc17xx.o(.text)
    I2C1_IRQHandler                          0x00000183   Thumb Code     0  startup_lpc17xx.o(.text)
    I2C2_IRQHandler                          0x00000183   Thumb Code     0  startup_lpc17xx.o(.text)
    I2S_IRQHandler                           0x00000183   Thumb Code     0  startup_lpc17xx.o(.text)
    MCPWM_IRQHandler                         0x00000183   Thumb Code     0  startup_lpc17xx.o(.text)
    PLL0_IRQHandler                          0x00000183   Thumb Code     0  startup_lpc17xx.o(.text)
    PLL1_IRQHandler                          0x00000183   Thumb Code     0  startup_lpc17xx.o(.text)
    PWM1_IRQHandler                          0x00000183   Thumb Code     0  startup_lpc17xx.o(.text)
    QEI_IRQHandler                           0x00000183   Thumb Code     0  startup_lpc17xx.o(.text)
    RIT_IRQHandler                           0x00000183   Thumb Code     0  startup_lpc17xx.o(.text)
    RTC_IRQHandler                           0x00000183   Thumb Code     0  startup_lpc17xx.o(.text)
    SPI_IRQHandler                           0x00000183   Thumb Code     0  startup_lpc17xx.o(.text)
    SSP0_IRQHandler                          0x00000183   Thumb Code     0  startup_lpc17xx.o(.text)
    SSP1_IRQHandler                          0x00000183   Thumb Code     0  startup_lpc17xx.o(.text)
    TIMER0_IRQHandler                        0x00000183   Thumb Code     0  startup_lpc17xx.o(.text)
    TIMER1_IRQHandler                        0x00000183   Thumb Code     0  startup_lpc17xx.o(.text)
    TIMER2_IRQHandler                        0x00000183   Thumb Code     0  startup_lpc17xx.o(.text)
    TIMER3_IRQHandler                        0x00000183   Thumb Code     0  startup_lpc17xx.o(.text)
    UART2_IRQHandler                         0x00000183   Thumb Code     0  startup_lpc17xx.o(.text)
    UART3_IRQHandler                         0x00000183   Thumb Code     0  startup_lpc17xx.o(.text)
    USBActivity_IRQHandler                   0x00000183   Thumb Code     0  startup_lpc17xx.o(.text)
    USB_IRQHandler                           0x00000183   Thumb Code     0  startup_lpc17xx.o(.text)
    WDT_IRQHandler                           0x00000183   Thumb Code     0  startup_lpc17xx.o(.text)
    __user_initial_stackheap                 0x00000185   Thumb Code     0  startup_lpc17xx.o(.text)
    __2printf                                0x000001a9   Thumb Code    20  noretval__2printf.o(.text)
    __aeabi_memcpy4                          0x000001c1   Thumb Code     0  rt_memcpy_w.o(.text)
    __aeabi_memcpy8                          0x000001c1   Thumb Code     0  rt_memcpy_w.o(.text)
    __rt_memcpy_w                            0x000001c1   Thumb Code   100  rt_memcpy_w.o(.text)
    _memcpy_lastbytes_aligned                0x00000209   Thumb Code     0  rt_memcpy_w.o(.text)
    __aeabi_memclr4                          0x00000225   Thumb Code     0  rt_memclr_w.o(.text)
    __aeabi_memclr8                          0x00000225   Thumb Code     0  rt_memclr_w.o(.text)
    __rt_memclr_w                            0x00000225   Thumb Code    78  rt_memclr_w.o(.text)
    _memset_w                                0x00000229   Thumb Code     0  rt_memclr_w.o(.text)
    __use_two_region_memory                  0x00000273   Thumb Code     2  heapauxi.o(.text)
    __rt_heap_escrow$2region                 0x00000275   Thumb Code     2  heapauxi.o(.text)
    __rt_heap_expand$2region                 0x00000277   Thumb Code     2  heapauxi.o(.text)
    _printf_char_file                        0x00000279   Thumb Code    32  _printf_char_file.o(.text)
    _printf_char_common                      0x000002a7   Thumb Code    32  _printf_char_common.o(.text)
    __printf                                 0x000002cd   Thumb Code    40  __printf_nopercent.o(.text)
    __user_libspace                          0x000002f5   Thumb Code     8  libspace.o(.text)
    __user_perproc_libspace                  0x000002f5   Thumb Code     0  libspace.o(.text)
    __user_perthread_libspace                0x000002f5   Thumb Code     0  libspace.o(.text)
    __user_setup_stackheap                   0x00000301   Thumb Code    74  sys_stackheap_outer.o(.text)
    exit                                     0x0000034b   Thumb Code    18  exit.o(.text)
    PendSV_Handler                           0x0000035d   Thumb Code     0  svc_call.o(handle_pend)
    SVC_Handler                              0x0000037b   Thumb Code     0  svc_call.o(handle_pend)
    Free                                     0x0000038d   Thumb Code     6  uart.o(i.Free)
    FreeRcv                                  0x00000395   Thumb Code    28  uart.o(i.FreeRcv)
    FreeSnd                                  0x000003b9   Thumb Code    28  uart.o(i.FreeSnd)
    SVC_Handler_Main                         0x000003dd   Thumb Code    18  _kernelcore.o(i.SVC_Handler_Main)
    SysTick_Handler                          0x000003f1   Thumb Code   328  _kernelcore.o(i.SysTick_Handler)
    SystemInit                               0x00000549   Thumb Code   302  system_lpc17xx.o(i.SystemInit)
    UART0_IRQHandler                         0x00000689   Thumb Code    88  uart.o(i.UART0_IRQHandler)
    UART1_IRQHandler                         0x000006f1   Thumb Code    90  uart.o(i.UART1_IRQHandler)
    UARTInit                                 0x00000761   Thumb Code   176  uart.o(i.UARTInit)
    UARTSendChar                             0x0000081d   Thumb Code    26  uart.o(i.UARTSendChar)
    _sys_exit                                0x00000863   Thumb Code     4  retarget.o(i._sys_exit)
    createThread                             0x00000869   Thumb Code   628  _threadscore.o(i.createThread)
    dequeue                                  0x00000ae5   Thumb Code   152  _kernelcore.o(i.dequeue)
    edfSched                                 0x00000b81   Thumb Code    78  _kernelcore.o(i.edfSched)
    enqueue                                  0x00000bd9   Thumb Code   176  _kernelcore.o(i.enqueue)
    ferror                                   0x00000c91   Thumb Code     8  retarget.o(i.ferror)
    fputc                                    0x00000c99   Thumb Code    14  retarget.o(i.fputc)
    getFrequency                             0x00000ca9   Thumb Code    62  uart.o(i.getFrequency)
    getMSPInitialLocation                    0x00000cf1   Thumb Code     6  _threadscore.o(i.getMSPInitialLocation)
    getNewThreadStack                        0x00000cf7   Thumb Code    26  _threadscore.o(i.getNewThreadStack)
    idleThread                               0x00000d11   Thumb Code     4  p1_main.o(i.idleThread)
    kernelInit                               0x00000d15   Thumb Code    36  _kernelcore.o(i.kernelInit)
    kernelStart                              0x00000d3d   Thumb Code    34  _kernelcore.o(i.kernelStart)
    main                                     0x00000d6d   Thumb Code   170  p1_main.o(i.main)
    osCreateMutex                            0x00000e3d   Thumb Code   128  _kernelcore.o(i.osCreateMutex)
    osGiveMutex                              0x00000ecd   Thumb Code   170  _kernelcore.o(i.osGiveMutex)
    osSched                                  0x00000f89   Thumb Code   276  _kernelcore.o(i.osSched)
    osTakeMutex                              0x000010a9   Thumb Code   204  _kernelcore.o(i.osTakeMutex)
    osYield                                  0x00001185   Thumb Code     6  _kernelcore.o(i.osYield)
    sendchar                                 0x0000118d   Thumb Code    64  retarget.o(i.sendchar)
    setThreadingWithPSP                      0x000011d1   Thumb Code    22  _threadscore.o(i.setThreadingWithPSP)
    taskSwitch                               0x000011e9   Thumb Code    24  _kernelcore.o(i.taskSwitch)
    thread1                                  0x00001209   Thumb Code    34  p1_main.o(i.thread1)
    thread2                                  0x00001245   Thumb Code    34  p1_main.o(i.thread2)
    thread3                                  0x0000128d   Thumb Code    34  p1_main.o(i.thread3)
    Region$$Table$$Base                      0x00001440   Number         0  anon$$obj.o(Region$$Table)
    Region$$Table$$Limit                     0x00001460   Number         0  anon$$obj.o(Region$$Table)
    printMutex                               0x10000000   Data           4  p1_main.o(.data)
    uart_init_called                         0x10000004   Data           1  retarget.o(.data)
    __stdout                                 0x10000008   Data           4  retarget.o(.data)
    __stdin                                  0x1000000c   Data           4  retarget.o(.data)
    ITM_RxBuffer                             0x10000010   Data           4  uart.o(.data)
    UART0Status                              0x10000014   Data           4  uart.o(.data)
    UART1Status                              0x10000018   Data           4  uart.o(.data)
    UART0TxEmpty                             0x1000001c   Data           1  uart.o(.data)
    UART1TxEmpty                             0x1000001d   Data           1  uart.o(.data)
    UART0Count                               0x10000020   Data           4  uart.o(.data)
    UART1Count                               0x10000024   Data           4  uart.o(.data)
    RcvLock0                                 0x10000028   Data           1  uart.o(.data)
    SndLock0                                 0x10000029   Data           1  uart.o(.data)
    RcvLock1                                 0x1000002a   Data           1  uart.o(.data)
    SndLock1                                 0x1000002b   Data           1  uart.o(.data)
    i                                        0x1000002c   Data           4  uart.o(.data)
    osCurrentThread                          0x10000030   Data           4  _kernelcore.o(.data)
    threadPoolCurrentSize                    0x10000034   Data           4  _kernelcore.o(.data)
    osMutexPoolCurrentSize                   0x10000038   Data           4  _kernelcore.o(.data)
    SystemCoreClock                          0x1000003c   Data           4  system_lpc17xx.o(.data)
    UART0Buffer                              0x10000040   Data          64  uart.o(.bss)
    UART1Buffer                              0x10000080   Data          64  uart.o(.bss)
    threadPool                               0x100000c0   Data         144  _kernelcore.o(.bss)
    mutexPool                                0x10000150   Data        3800  _kernelcore.o(.bss)
    __libspace_start                         0x10001028   Data          96  libspace.o(.bss)
    __temporary_stack_top$libspace           0x10001088   Data           0  libspace.o(.bss)



==============================================================================

Memory Map of the image

  Image Entry point : 0x00000169

  Load Region LR_1 (Base: 0x00000000, Size: 0x000014a0, Max: 0xffffffff, ABSOLUTE)

    Execution Region ER_RO (Exec base: 0x00000000, Load base: 0x00000000, Size: 0x00001460, Max: 0xffffffff, ABSOLUTE)

    Exec Addr    Load Addr    Size         Type   Attr      Idx    E Section Name        Object

    0x00000000   0x00000000   0x000000cc   Data   RO          486    RESET               startup_lpc17xx.o
    0x000000cc   0x000000cc   0x00000008   Code   RO          544  * !!!main             c_w.l(__main.o)
    0x000000d4   0x000000d4   0x00000034   Code   RO          713    !!!scatter          c_w.l(__scatter.o)
    0x00000108   0x00000108   0x0000001a   Code   RO          715    !!handler_copy      c_w.l(__scatter_copy.o)
    0x00000122   0x00000122   0x00000002   PAD
    0x00000124   0x00000124   0x0000001c   Code   RO          717    !!handler_zi        c_w.l(__scatter_zi.o)
    0x00000140   0x00000140   0x00000002   Code   RO          587    .ARM.Collect$$libinit$$00000000  c_w.l(libinit.o)
    0x00000142   0x00000142   0x00000000   Code   RO          600    .ARM.Collect$$libinit$$00000002  c_w.l(libinit2.o)
    0x00000142   0x00000142   0x00000000   Code   RO          602    .ARM.Collect$$libinit$$00000004  c_w.l(libinit2.o)
    0x00000142   0x00000142   0x00000000   Code   RO          605    .ARM.Collect$$libinit$$0000000A  c_w.l(libinit2.o)
    0x00000142   0x00000142   0x00000000   Code   RO          607    .ARM.Collect$$libinit$$0000000C  c_w.l(libinit2.o)
    0x00000142   0x00000142   0x00000000   Code   RO          609    .ARM.Collect$$libinit$$0000000E  c_w.l(libinit2.o)
    0x00000142   0x00000142   0x00000000   Code   RO          612    .ARM.Collect$$libinit$$00000011  c_w.l(libinit2.o)
    0x00000142   0x00000142   0x00000000   Code   RO          614    .ARM.Collect$$libinit$$00000013  c_w.l(libinit2.o)
    0x00000142   0x00000142   0x00000000   Code   RO          616    .ARM.Collect$$libinit$$00000015  c_w.l(libinit2.o)
    0x00000142   0x00000142   0x00000000   Code   RO          618    .ARM.Collect$$libinit$$00000017  c_w.l(libinit2.o)
    0x00000142   0x00000142   0x00000000   Code   RO          620    .ARM.Collect$$libinit$$00000019  c_w.l(libinit2.o)
    0x00000142   0x00000142   0x00000000   Code   RO          622    .ARM.Collect$$libinit$$0000001B  c_w.l(libinit2.o)
    0x00000142   0x00000142   0x00000000   Code   RO          624    .ARM.Collect$$libinit$$0000001D  c_w.l(libinit2.o)
    0x00000142   0x00000142   0x00000000   Code   RO          626    .ARM.Collect$$libinit$$0000001F  c_w.l(libinit2.o)
    0x00000142   0x00000142   0x00000000   Code   RO          628    .ARM.Collect$$libinit$$00000021  c_w.l(libinit2.o)
    0x00000142   0x00000142   0x00000000   Code   RO          630    .ARM.Collect$$libinit$$00000023  c_w.l(libinit2.o)
    0x00000142   0x00000142   0x00000000   Code   RO          632    .ARM.Collect$$libinit$$00000025  c_w.l(libinit2.o)
    0x00000142   0x00000142   0x00000000   Code   RO          636    .ARM.Collect$$libinit$$0000002C  c_w.l(libinit2.o)
    0x00000142   0x00000142   0x00000000   Code   RO          638    .ARM.Collect$$libinit$$0000002E  c_w.l(libinit2.o)
    0x00000142   0x00000142   0x00000000   Code   RO          640    .ARM.Collect$$libinit$$00000030  c_w.l(libinit2.o)
    0x00000142   0x00000142   0x00000000   Code   RO          642    .ARM.Collect$$libinit$$00000032  c_w.l(libinit2.o)
    0x00000142   0x00000142   0x00000002   Code   RO          643    .ARM.Collect$$libinit$$00000033  c_w.l(libinit2.o)
    0x00000144   0x00000144   0x00000002   Code   RO          667    .ARM.Collect$$libshutdown$$00000000  c_w.l(libshutdown.o)
    0x00000146   0x00000146   0x00000000   Code   RO          693    .ARM.Collect$$libshutdown$$00000002  c_w.l(libshutdown2.o)
    0x00000146   0x00000146   0x00000000   Code   RO          695    .ARM.Collect$$libshutdown$$00000004  c_w.l(libshutdown2.o)
    0x00000146   0x00000146   0x00000000   Code   RO          698    .ARM.Collect$$libshutdown$$00000007  c_w.l(libshutdown2.o)
    0x00000146   0x00000146   0x00000000   Code   RO          701    .ARM.Collect$$libshutdown$$0000000A  c_w.l(libshutdown2.o)
    0x00000146   0x00000146   0x00000000   Code   RO          703    .ARM.Collect$$libshutdown$$0000000C  c_w.l(libshutdown2.o)
    0x00000146   0x00000146   0x00000000   Code   RO          706    .ARM.Collect$$libshutdown$$0000000F  c_w.l(libshutdown2.o)
    0x00000146   0x00000146   0x00000002   Code   RO          707    .ARM.Collect$$libshutdown$$00000010  c_w.l(libshutdown2.o)
    0x00000148   0x00000148   0x00000000   Code   RO          546    .ARM.Collect$$rtentry$$00000000  c_w.l(__rtentry.o)
    0x00000148   0x00000148   0x00000000   Code   RO          554    .ARM.Collect$$rtentry$$00000002  c_w.l(__rtentry2.o)
    0x00000148   0x00000148   0x00000006   Code   RO          566    .ARM.Collect$$rtentry$$00000004  c_w.l(__rtentry4.o)
    0x0000014e   0x0000014e   0x00000000   Code   RO          556    .ARM.Collect$$rtentry$$00000009  c_w.l(__rtentry2.o)
    0x0000014e   0x0000014e   0x00000004   Code   RO          557    .ARM.Collect$$rtentry$$0000000A  c_w.l(__rtentry2.o)
    0x00000152   0x00000152   0x00000000   Code   RO          559    .ARM.Collect$$rtentry$$0000000C  c_w.l(__rtentry2.o)
    0x00000152   0x00000152   0x00000008   Code   RO          560    .ARM.Collect$$rtentry$$0000000D  c_w.l(__rtentry2.o)
    0x0000015a   0x0000015a   0x00000002   Code   RO          591    .ARM.Collect$$rtexit$$00000000  c_w.l(rtexit.o)
    0x0000015c   0x0000015c   0x00000000   Code   RO          645    .ARM.Collect$$rtexit$$00000002  c_w.l(rtexit2.o)
    0x0000015c   0x0000015c   0x00000004   Code   RO          646    .ARM.Collect$$rtexit$$00000003  c_w.l(rtexit2.o)
    0x00000160   0x00000160   0x00000006   Code   RO          647    .ARM.Collect$$rtexit$$00000004  c_w.l(rtexit2.o)
    0x00000166   0x00000166   0x00000002   PAD
    0x00000168   0x00000168   0x00000040   Code   RO          488  * .text               startup_lpc17xx.o
    0x000001a8   0x000001a8   0x00000018   Code   RO          536    .text               c_w.l(noretval__2printf.o)
    0x000001c0   0x000001c0   0x00000064   Code   RO          538    .text               c_w.l(rt_memcpy_w.o)
    0x00000224   0x00000224   0x0000004e   Code   RO          540    .text               c_w.l(rt_memclr_w.o)
    0x00000272   0x00000272   0x00000006   Code   RO          542    .text               c_w.l(heapauxi.o)
    0x00000278   0x00000278   0x00000024   Code   RO          551    .text               c_w.l(_printf_char_file.o)
    0x0000029c   0x0000029c   0x00000030   Code   RO          570    .text               c_w.l(_printf_char_common.o)
    0x000002cc   0x000002cc   0x00000028   Code   RO          574    .text               c_w.l(__printf_nopercent.o)
    0x000002f4   0x000002f4   0x00000008   Code   RO          588    .text               c_w.l(libspace.o)
    0x000002fc   0x000002fc   0x00000004   Code   RO          487    .ARM.__at_0x02FC    startup_lpc17xx.o
    0x00000300   0x00000300   0x0000004a   Code   RO          572    .text               c_w.l(sys_stackheap_outer.o)
    0x0000034a   0x0000034a   0x00000012   Code   RO          576    .text               c_w.l(exit.o)
    0x0000035c   0x0000035c   0x00000030   Code   RO          309    handle_pend         svc_call.o
    0x0000038c   0x0000038c   0x00000006   Code   RO          195    i.Free              uart.o
    0x00000392   0x00000392   0x00000002   PAD
    0x00000394   0x00000394   0x00000024   Code   RO          196    i.FreeRcv           uart.o
    0x000003b8   0x000003b8   0x00000024   Code   RO          197    i.FreeSnd           uart.o
    0x000003dc   0x000003dc   0x00000012   Code   RO          315    i.SVC_Handler_Main  _kernelcore.o
    0x000003ee   0x000003ee   0x00000002   PAD
    0x000003f0   0x000003f0   0x00000158   Code   RO          316    i.SysTick_Handler   _kernelcore.o
    0x00000548   0x00000548   0x00000140   Code   RO          498    i.SystemInit        system_lpc17xx.o
    0x00000688   0x00000688   0x00000068   Code   RO          201    i.UART0_IRQHandler  uart.o
    0x000006f0   0x000006f0   0x00000070   Code   RO          202    i.UART1_IRQHandler  uart.o
    0x00000760   0x00000760   0x000000bc   Code   RO          203    i.UARTInit          uart.o
    0x0000081c   0x0000081c   0x00000024   Code   RO          207    i.UARTSendChar      uart.o
    0x00000840   0x00000840   0x00000022   Code   RO          208    i.__NVIC_EnableIRQ  uart.o
    0x00000862   0x00000862   0x00000004   Code   RO          131    i._sys_exit         retarget.o
    0x00000866   0x00000866   0x00000002   PAD
    0x00000868   0x00000868   0x0000027c   Code   RO          435    i.createThread      _threadscore.o
    0x00000ae4   0x00000ae4   0x0000009c   Code   RO          317    i.dequeue           _kernelcore.o
    0x00000b80   0x00000b80   0x00000058   Code   RO          318    i.edfSched          _kernelcore.o
    0x00000bd8   0x00000bd8   0x000000b8   Code   RO          319    i.enqueue           _kernelcore.o
    0x00000c90   0x00000c90   0x00000008   Code   RO          133    i.ferror            retarget.o
    0x00000c98   0x00000c98   0x0000000e   Code   RO          135    i.fputc             retarget.o
    0x00000ca6   0x00000ca6   0x00000002   PAD
    0x00000ca8   0x00000ca8   0x00000048   Code   RO          209    i.getFrequency      uart.o
    0x00000cf0   0x00000cf0   0x00000006   Code   RO          436    i.getMSPInitialLocation  _threadscore.o
    0x00000cf6   0x00000cf6   0x0000001a   Code   RO          437    i.getNewThreadStack  _threadscore.o
    0x00000d10   0x00000d10   0x00000004   Code   RO            4    i.idleThread        p1_main.o
    0x00000d14   0x00000d14   0x00000028   Code   RO          320    i.kernelInit        _kernelcore.o
    0x00000d3c   0x00000d3c   0x00000030   Code   RO          321    i.kernelStart       _kernelcore.o
    0x00000d6c   0x00000d6c   0x000000d0   Code   RO            5    i.main              p1_main.o
    0x00000e3c   0x00000e3c   0x00000090   Code   RO          322    i.osCreateMutex     _kernelcore.o
    0x00000ecc   0x00000ecc   0x000000bc   Code   RO          323    i.osGiveMutex       _kernelcore.o
    0x00000f88   0x00000f88   0x00000120   Code   RO          324    i.osSched           _kernelcore.o
    0x000010a8   0x000010a8   0x000000dc   Code   RO          325    i.osTakeMutex       _kernelcore.o
    0x00001184   0x00001184   0x00000006   Code   RO          326    i.osYield           _kernelcore.o
    0x0000118a   0x0000118a   0x00000002   PAD
    0x0000118c   0x0000118c   0x00000044   Code   RO          137    i.sendchar          retarget.o
    0x000011d0   0x000011d0   0x00000016   Code   RO          438    i.setThreadingWithPSP  _threadscore.o
    0x000011e6   0x000011e6   0x00000002   PAD
    0x000011e8   0x000011e8   0x00000020   Code   RO          327    i.taskSwitch        _kernelcore.o
    0x00001208   0x00001208   0x0000003c   Code   RO            6    i.thread1           p1_main.o
    0x00001244   0x00001244   0x00000048   Code   RO            7    i.thread2           p1_main.o
    0x0000128c   0x0000128c   0x00000038   Code   RO            8    i.thread3           p1_main.o
    0x000012c4   0x000012c4   0x0000017c   Data   RO          330    .constdata          _kernelcore.o
    0x00001440   0x00001440   0x00000020   Data   RO          711    Region$$Table       anon$$obj.o


    Execution Region ER_RW (Exec base: 0x10000000, Load base: 0x00001460, Size: 0x00000040, Max: 0xffffffff, ABSOLUTE)

    Exec Addr    Load Addr    Size         Type   Attr      Idx    E Section Name        Object

    0x10000000   0x00001460   0x00000004   Data   RW           14    .data               p1_main.o
    0x10000004   0x00001464   0x0000000c   Data   RW          138    .data               retarget.o
    0x10000010   0x00001470   0x00000020   Data   RW          211    .data               uart.o
    0x10000030   0x00001490   0x0000000c   Data   RW          331    .data               _kernelcore.o
    0x1000003c   0x0000149c   0x00000004   Data   RW          499    .data               system_lpc17xx.o


    Execution Region ER_ZI (Exec base: 0x10000040, Load base: 0x000014a0, Size: 0x00005048, Max: 0xffffffff, ABSOLUTE)

    Exec Addr    Load Addr    Size         Type   Attr      Idx    E Section Name        Object

    0x10000040        -       0x00000080   Zero   RW          210    .bss                uart.o
    0x100000c0        -       0x00000f68   Zero   RW          329    .bss                _kernelcore.o
    0x10001028        -       0x00000060   Zero   RW          589    .bss                c_w.l(libspace.o)
    0x10001088        -       0x00002000   Zero   RW          485    HEAP                startup_lpc17xx.o
    0x10003088        -       0x00002000   Zero   RW          484    STACK               startup_lpc17xx.o


==============================================================================

Image component sizes


      Code (inc. data)   RO Data    RW Data    ZI Data      Debug   Object Name

      1756        126        380         12       3944      13500   _kernelcore.o
       690          8          0          0          0       7925   _threadscore.o
       400        124          0          4          0      50666   p1_main.o
        94          4          0         12          0       3883   retarget.o
        68         30        204          0      16384       1052   startup_lpc17xx.o
        48          0          0          0          0        256   svc_call.o
       320         18          0          4          0        859   system_lpc17xx.o
       624         86          0         32        128      22907   uart.o

    ----------------------------------------------------------------------
      4012        396        616         64      20456     101048   Object Totals
         0          0         32          0          0          0   (incl. Generated)
        12          0          0          0          0          0   (incl. Padding)

    ----------------------------------------------------------------------

      Code (inc. data)   RO Data    RW Data    ZI Data      Debug   Library Member Name

         8          0          0          0          0         68   __main.o
        40          0          0          0          0         84   __printf_nopercent.o
         0          0          0          0          0          0   __rtentry.o
        12          0          0          0          0          0   __rtentry2.o
         6          0          0          0          0          0   __rtentry4.o
        52          8          0          0          0          0   __scatter.o
        26          0          0          0          0          0   __scatter_copy.o
        28          0          0          0          0          0   __scatter_zi.o
        48          6          0          0          0         96   _printf_char_common.o
        36          4          0          0          0         80   _printf_char_file.o
        18          0          0          0          0         80   exit.o
         6          0          0          0          0        152   heapauxi.o
         2          0          0          0          0          0   libinit.o
         2          0          0          0          0          0   libinit2.o
         2          0          0          0          0          0   libshutdown.o
         2          0          0          0          0          0   libshutdown2.o
         8          4          0          0         96         68   libspace.o
        24          4          0          0          0         84   noretval__2printf.o
        78          0          0          0          0         80   rt_memclr_w.o
       100          0          0          0          0         80   rt_memcpy_w.o
         2          0          0          0          0          0   rtexit.o
        10          0          0          0          0          0   rtexit2.o
        74          0          0          0          0         80   sys_stackheap_outer.o

    ----------------------------------------------------------------------
       588         26          0          0         96        952   Library Totals
         4          0          0          0          0          0   (incl. Padding)

    ----------------------------------------------------------------------

      Code (inc. data)   RO Data    RW Data    ZI Data      Debug   Library Name

       584         26          0          0         96        952   c_w.l

    ----------------------------------------------------------------------
       588         26          0          0         96        952   Library Totals

    ----------------------------------------------------------------------

==============================================================================


      Code (inc. data)   RO Data    RW Data    ZI Data      Debug   

      4600        422        616         64      20552      99968   Grand Totals
      4600        422        616         64      20552      99968   ELF Image Totals
      4600        422        616         64          0          0   ROM Totals

==============================================================================

    Total RO  Size (Code + RO Data)                 5216 (   5.09kB)
    Total RW  Size (RW Data + ZI Data)             20616 (  20.13kB)
    Total ROM Size (Code + RO Data + RW Data)       5280 (   5.16kB)

==============================================================================

